# Check that gplot2/plyr/cummeRbund/SQLite 0.1... versions are loaded.

# load CummbeRbund library
> library("cummeRbund")

# Setup working directory
> setwd("/home/mb704/Desktop/cuffdiff_output/rn4_cuffdiff_out")

# Create a cummbeRbund database
> cuff <- readCufflinks()

# Create a dispersion plot
> disp <- dispersionPlot(genes(cuff))
> disp
	#ERROR: Error in `$<-.data.frame`(`*tmp*`, "SCALE_X", value = 1L) : 
    #replacement has 1 row, data has 0
    #In addition: Warning message:
    #In max(panels$ROW) : no non-missing arguments to max; returning -Inf

# Plot the distribution of expression levels of each sample
> den <- csDensity(genes(cuff))
> den
> densRep<-csDensity(genes(cuff),replicates=)
	#ERROR: Error in sqliteExecStatement(con, statement, bind.data) : 
    #RS-DBI driver: (error in statement: near ")": syntax error)
> densRep

# Create a Boxplot
> box <- csBoxplot(genes(cuff))
> box
> brep<-csBoxplot(genes(cuff),replicates=T)
	#ERROR: Error in sqliteExecStatement(con, statement, bind.data) : 
    #RS-DBI driver: (error in statement: near ")": syntax error)
> brep

# Create a matrix of pairwise scatterplot
> scat <- csScatterMatrix(genes(cuff))
> scat
> s <- csScatter(genes(cuff),"hESC","Fibroblasts",smooth=T) #Need to change examples
> s

# Create a Dendogram
> dend <- csDendro(genes(cuff))
> dend
> dend.rep <- csDendro(genes(cuff),replicates=T)
	#ERROR: Error in csDendro(genes(cuff), replicates = T) : 
    #error in evaluating the argument 'object' in selecting a method for function 'csDendro': Error in genes(cuff) : 
    #error in evaluating the argument 'object' in selecting a method for function 'genes': Error: object 'cuff' not found
> dend.rep

# GetGene function
> myGeneID <- "GeneName"
> myGene <- getGene(cuff,myGeneID)
> myGene

# Gene-level plots example
> g1 <- expressionPlot(myGene,replicates=TRUE)
> g1



# Create a volcano plot to inspect differentially expressed genes
> vol <- csVolcano(genes(cuff) , 'q1' , 'q2') #This doesn't work.
> vol


#In summary. All these error messages are common across everyone's installation.